[LOG] System::create                           : Header version = 2.00.10. Current version = 2.00.10.
[LOG] Manager::init                            : maxchannels = 256 studioflags = 00000006 flags 00000000 extradriverdata 0000000000000000.
[LOG] SystemI::init                            : Initialize version=20010 (110198), maxchannels=256, flags=0x00020000
[LOG] SystemI::setOutputInternal               : Setting output to 'FMOD WASAPI Output'
[LOG] OutputWASAPI::init                       : Mix Format (WAVEFORMATEX): wFormatTag=0xFFFE, nChannels=2, nSamplesPerSec=48000, nAvgBytesPerSec=384000, nBlockAlign=8, wBitsPerSample=32, cbSize=22.
[LOG] OutputWASAPI::init                       : Mix Format (WAVEFORMATEXTENSIBLE): wValidBitsPerSample=32, dwChannelMask=0x00000003, SubFormat=00000003-0000-0010-8000-00AA00389B71.
[LOG] OutputWASAPI::init                       : Output buffer size: 4096 samples, latency: 0.00ms, period: 10.00ms, DSP buffer: 1024 * 4
[LOG] Thread::initThread                       : Init FMOD stream thread. Priority: 2, Stack Size: 98304, Semaphore: No, Sleep Time: 10, Looping: Yes.
[LOG] Thread::initThread                       : Init FMOD mixer thread. Priority: 3, Stack Size: 81920, Semaphore: No, Sleep Time: 0, Looping: Yes.
[LOG] AsyncManager::init                       : manager 000000006C9DE388 isAsync 0 updatePeriod 0.02
[LOG] AsyncManager::init                       : done
[LOG] PlaybackSystem::init                     : 
[LOG] Thread::initThread                       : Init FMOD Studio sample load thread. Priority: 0, Stack Size: 98304, Semaphore: No, Sleep Time: 1, Looping: No.
[LOG] PlaybackSystem::init                     : done
[LOG] Thread::initThread                       : Init FMOD Studio bank load thread. Priority: 0, Stack Size: 98304, Semaphore: No, Sleep Time: 1, Looping: No.
[LOG] Manager::init                            : done.
[LOG] Manager::readBank                        : fileversion = 125, compatVersion = 119 (oldest = 44, newest = 125)
[LOG] Manager::readBank                        : fileversion = 125, compatVersion = 119 (oldest = 44, newest = 125)
[LOG] Manager::readBank                        : fileversion = 125, compatVersion = 119 (oldest = 44, newest = 125)
[LOG] PlaybackSystem::acquireMasterBus         : Setting master channel group format to 3
[LOG] Thread::callback                         : FMOD mixer thread finished.
[ERR] OutputWASAPI::mixerThread                : GetCurrentPadding returned 0x88890004.  Device was unplugged!
[ERR] OutputWASAPI::mixerThread                : GetCurrentPadding returned 0x88890004.  Device was unplugged!
[ERR] OutputWASAPI::mixerThread                : GetCurrentPadding returned 0x88890004.  Device was unplugged!
[ERR] OutputWASAPI::mixerThread                : GetCurrentPadding returned 0x88890004.  Device was unplugged!
[LOG] OutputWASAPI::init                       : Mix Format (WAVEFORMATEX): wFormatTag=0xFFFE, nChannels=2, nSamplesPerSec=48000, nAvgBytesPerSec=384000, nBlockAlign=8, wBitsPerSample=32, cbSize=22.
[LOG] OutputWASAPI::init                       : Mix Format (WAVEFORMATEXTENSIBLE): wValidBitsPerSample=32, dwChannelMask=0x00000003, SubFormat=00000003-0000-0010-8000-00AA00389B71.
[LOG] OutputWASAPI::init                       : Output buffer size: 4096 samples, latency: 0.00ms, period: 10.00ms, DSP buffer: 1024 * 4
[LOG] Thread::initThread                       : Init FMOD mixer thread. Priority: 3, Stack Size: 81920, Semaphore: No, Sleep Time: 0, Looping: Yes.
[ERR] OutputWASAPI::mixerThread                : GetCurrentPadding returned 0x88890004.  Device was unplugged!
[ERR] OutputWASAPI::mixerThread                : GetCurrentPadding returned 0x88890004.  Device was unplugged!
[ERR] OutputWASAPI::mixerThread                : GetCurrentPadding returned 0x88890004.  Device was unplugged!
[ERR] OutputWASAPI::mixerThread                : GetCurrentPadding returned 0x88890004.  Device was unplugged!
[ERR] OutputWASAPI::mixerThread                : GetCurrentPadding returned 0x88890004.  Device was unplugged!
[ERR] OutputWASAPI::mixerThread                : GetCurrentPadding returned 0x88890004.  Device was unplugged!
[ERR] OutputWASAPI::mixerThread                : GetCurrentPadding returned 0x88890004.  Device was unplugged!
[ERR] OutputWASAPI::mixerThread                : GetCurrentPadding returned 0x88890004.  Device was unplugged!
[ERR] OutputWASAPI::mixerThread                : GetCurrentPadding returned 0x88890004.  Device was unplugged!
[LOG] Thread::callback                         : FMOD mixer thread finished.
[LOG] OutputWASAPI::init                       : Mix Format (WAVEFORMATEX): wFormatTag=0xFFFE, nChannels=2, nSamplesPerSec=48000, nAvgBytesPerSec=384000, nBlockAlign=8, wBitsPerSample=32, cbSize=22.
[LOG] OutputWASAPI::init                       : Mix Format (WAVEFORMATEXTENSIBLE): wValidBitsPerSample=32, dwChannelMask=0x00000003, SubFormat=00000003-0000-0010-8000-00AA00389B71.
[LOG] OutputWASAPI::init                       : Output buffer size: 4096 samples, latency: 0.00ms, period: 10.00ms, DSP buffer: 1024 * 4
[LOG] Thread::initThread                       : Init FMOD mixer thread. Priority: 3, Stack Size: 81920, Semaphore: No, Sleep Time: 0, Looping: Yes.
[ERR] OutputWASAPI::mixerThread                : GetCurrentPadding returned 0x88890004.  Device was unplugged!
[ERR] OutputWASAPI::mixerThread                : GetCurrentPadding returned 0x88890004.  Device was unplugged!
[ERR] OutputWASAPI::mixerThread                : GetCurrentPadding returned 0x88890004.  Device was unplugged!
[ERR] OutputWASAPI::mixerThread                : GetCurrentPadding returned 0x88890004.  Device was unplugged!
[ERR] OutputWASAPI::mixerThread                : GetCurrentPadding returned 0x88890004.  Device was unplugged!
[ERR] OutputWASAPI::mixerThread                : GetCurrentPadding returned 0x88890004.  Device was unplugged!
[ERR] OutputWASAPI::mixerThread                : GetCurrentPadding returned 0x88890004.  Device was unplugged!
[ERR] OutputWASAPI::mixerThread                : GetCurrentPadding returned 0x88890004.  Device was unplugged!
[ERR] OutputWASAPI::mixerThread                : GetCurrentPadding returned 0x88890004.  Device was unplugged!
[ERR] OutputWASAPI::mixerThread                : GetCurrentPadding returned 0x88890004.  Device was unplugged!
[ERR] OutputWASAPI::mixerThread                : GetCurrentPadding returned 0x88890004.  Device was unplugged!
[ERR] OutputWASAPI::mixerThread                : GetCurrentPadding returned 0x88890004.  Device was unplugged!
[ERR] OutputWASAPI::mixerThread                : GetCurrentPadding returned 0x88890004.  Device was unplugged!
[ERR] OutputWASAPI::mixerThread                : GetCurrentPadding returned 0x88890004.  Device was unplugged!
[ERR] OutputWASAPI::mixerThread                : GetCurrentPadding returned 0x88890004.  Device was unplugged!
[ERR] OutputWASAPI::mixerThread                : GetCurrentPadding returned 0x88890004.  Device was unplugged!
[ERR] OutputWASAPI::mixerThread                : GetCurrentPadding returned 0x88890004.  Device was unplugged!
[ERR] OutputWASAPI::mixerThread                : GetCurrentPadding returned 0x88890004.  Device was unplugged!
[ERR] OutputWASAPI::mixerThread                : GetCurrentPadding returned 0x88890004.  Device was unplugged!
[ERR] OutputWASAPI::mixerThread                : GetCurrentPadding returned 0x88890004.  Device was unplugged!
[ERR] OutputWASAPI::mixerThread                : GetCurrentPadding returned 0x88890004.  Device was unplugged!
[ERR] OutputWASAPI::mixerThread                : GetCurrentPadding returned 0x88890004.  Device was unplugged!
[ERR] OutputWASAPI::mixerThread                : GetCurrentPadding returned 0x88890004.  Device was unplugged!
[ERR] OutputWASAPI::mixerThread                : GetCurrentPadding returned 0x88890004.  Device was unplugged!
[ERR] OutputWASAPI::mixerThread                : GetCurrentPadding returned 0x88890004.  Device was unplugged!
[ERR] OutputWASAPI::mixerThread                : GetCurrentPadding returned 0x88890004.  Device was unplugged!
[ERR] OutputWASAPI::mixerThread                : GetCurrentPadding returned 0x88890004.  Device was unplugged!
[ERR] OutputWASAPI::mixerThread                : GetCurrentPadding returned 0x88890004.  Device was unplugged!
[ERR] OutputWASAPI::mixerThread                : GetCurrentPadding returned 0x88890004.  Device was unplugged!
[ERR] OutputWASAPI::mixerThread                : GetCurrentPadding returned 0x88890004.  Device was unplugged!
[ERR] OutputWASAPI::mixerThread                : GetCurrentPadding returned 0x88890004.  Device was unplugged!
[ERR] OutputWASAPI::mixerThread                : GetCurrentPadding returned 0x88890004.  Device was unplugged!
[ERR] OutputWASAPI::mixerThread                : GetCurrentPadding returned 0x88890004.  Device was unplugged!
[ERR] OutputWASAPI::mixerThread                : GetCurrentPadding returned 0x88890004.  Device was unplugged!
[ERR] OutputWASAPI::mixerThread                : GetCurrentPadding returned 0x88890004.  Device was unplugged!
[ERR] OutputWASAPI::mixerThread                : GetCurrentPadding returned 0x88890004.  Device was unplugged!
[ERR] OutputWASAPI::mixerThread                : GetCurrentPadding returned 0x88890004.  Device was unplugged!
[ERR] OutputWASAPI::mixerThread                : GetCurrentPadding returned 0x88890004.  Device was unplugged!
[ERR] OutputWASAPI::mixerThread                : GetCurrentPadding returned 0x88890004.  Device was unplugged!
[ERR] OutputWASAPI::mixerThread                : GetCurrentPadding returned 0x88890004.  Device was unplugged!
[ERR] OutputWASAPI::mixerThread                : GetCurrentPadding returned 0x88890004.  Device was unplugged!
[ERR] OutputWASAPI::mixerThread                : GetCurrentPadding returned 0x88890004.  Device was unplugged!
[ERR] OutputWASAPI::mixerThread                : GetCurrentPadding returned 0x88890004.  Device was unplugged!
[ERR] OutputWASAPI::mixerThread                : GetCurrentPadding returned 0x88890004.  Device was unplugged!
[ERR] OutputWASAPI::mixerThread                : GetCurrentPadding returned 0x88890004.  Device was unplugged!
[ERR] OutputWASAPI::mixerThread                : GetCurrentPadding returned 0x88890004.  Device was unplugged!
[ERR] OutputWASAPI::mixerThread                : GetCurrentPadding returned 0x88890004.  Device was unplugged!
[ERR] OutputWASAPI::mixerThread                : GetCurrentPadding returned 0x88890004.  Device was unplugged!
[ERR] OutputWASAPI::mixerThread                : GetCurrentPadding returned 0x88890004.  Device was unplugged!
[ERR] OutputWASAPI::mixerThread                : GetCurrentPadding returned 0x88890004.  Device was unplugged!
[ERR] OutputWASAPI::mixerThread                : GetCurrentPadding returned 0x88890004.  Device was unplugged!
[ERR] OutputWASAPI::mixerThread                : GetCurrentPadding returned 0x88890004.  Device was unplugged!
[ERR] OutputWASAPI::mixerThread                : GetCurrentPadding returned 0x88890004.  Device was unplugged!
[ERR] OutputWASAPI::mixerThread                : GetCurrentPadding returned 0x88890004.  Device was unplugged!
[ERR] OutputWASAPI::mixerThread                : GetCurrentPadding returned 0x88890004.  Device was unplugged!
[ERR] OutputWASAPI::mixerThread                : GetCurrentPadding returned 0x88890004.  Device was unplugged!
[ERR] OutputWASAPI::mixerThread                : GetCurrentPadding returned 0x88890004.  Device was unplugged!
[ERR] OutputWASAPI::mixerThread                : GetCurrentPadding returned 0x88890004.  Device was unplugged!
[ERR] OutputWASAPI::mixerThread                : GetCurrentPadding returned 0x88890004.  Device was unplugged!
[ERR] OutputWASAPI::mixerThread                : GetCurrentPadding returned 0x88890004.  Device was unplugged!
[ERR] OutputWASAPI::mixerThread                : GetCurrentPadding returned 0x88890004.  Device was unplugged!
[ERR] OutputWASAPI::mixerThread                : GetCurrentPadding returned 0x88890004.  Device was unplugged!
[ERR] OutputWASAPI::mixerThread                : GetCurrentPadding returned 0x88890004.  Device was unplugged!
[ERR] OutputWASAPI::mixerThread                : GetCurrentPadding returned 0x88890004.  Device was unplugged!
[ERR] OutputWASAPI::mixerThread                : GetCurrentPadding returned 0x88890004.  Device was unplugged!
[ERR] OutputWASAPI::mixerThread                : GetCurrentPadding returned 0x88890004.  Device was unplugged!
[ERR] OutputWASAPI::mixerThread                : GetCurrentPadding returned 0x88890004.  Device was unplugged!
[ERR] OutputWASAPI::mixerThread                : GetCurrentPadding returned 0x88890004.  Device was unplugged!
[ERR] OutputWASAPI::mixerThread                : GetCurrentPadding returned 0x88890004.  Device was unplugged!
[ERR] OutputWASAPI::mixerThread                : GetCurrentPadding returned 0x88890004.  Device was unplugged!
[ERR] OutputWASAPI::mixerThread                : GetCurrentPadding returned 0x88890004.  Device was unplugged!
[ERR] OutputWASAPI::mixerThread                : GetCurrentPadding returned 0x88890004.  Device was unplugged!
[ERR] OutputWASAPI::mixerThread                : GetCurrentPadding returned 0x88890004.  Device was unplugged!
[ERR] OutputWASAPI::mixerThread                : GetCurrentPadding returned 0x88890004.  Device was unplugged!
[ERR] OutputWASAPI::mixerThread                : GetCurrentPadding returned 0x88890004.  Device was unplugged!
[ERR] OutputWASAPI::mixerThread                : GetCurrentPadding returned 0x88890004.  Device was unplugged!
[ERR] OutputWASAPI::mixerThread                : GetCurrentPadding returned 0x88890004.  Device was unplugged!
[ERR] OutputWASAPI::mixerThread                : GetCurrentPadding returned 0x88890004.  Device was unplugged!
[ERR] OutputWASAPI::mixerThread                : GetCurrentPadding returned 0x88890004.  Device was unplugged!
[ERR] OutputWASAPI::mixerThread                : GetCurrentPadding returned 0x88890004.  Device was unplugged!
[ERR] OutputWASAPI::mixerThread                : GetCurrentPadding returned 0x88890004.  Device was unplugged!
[ERR] OutputWASAPI::mixerThread                : GetCurrentPadding returned 0x88890004.  Device was unplugged!
[ERR] OutputWASAPI::mixerThread                : GetCurrentPadding returned 0x88890004.  Device was unplugged!
[ERR] OutputWASAPI::mixerThread                : GetCurrentPadding returned 0x88890004.  Device was unplugged!
[ERR] OutputWASAPI::mixerThread                : GetCurrentPadding returned 0x88890004.  Device was unplugged!
[ERR] OutputWASAPI::mixerThread                : GetCurrentPadding returned 0x88890004.  Device was unplugged!
[ERR] OutputWASAPI::mixerThread                : GetCurrentPadding returned 0x88890004.  Device was unplugged!
[ERR] OutputWASAPI::mixerThread                : GetCurrentPadding returned 0x88890004.  Device was unplugged!
[ERR] OutputWASAPI::mixerThread                : GetCurrentPadding returned 0x88890004.  Device was unplugged!
[ERR] OutputWASAPI::mixerThread                : GetCurrentPadding returned 0x88890004.  Device was unplugged!
[ERR] OutputWASAPI::mixerThread                : GetCurrentPadding returned 0x88890004.  Device was unplugged!
[ERR] OutputWASAPI::mixerThread                : GetCurrentPadding returned 0x88890004.  Device was unplugged!
[ERR] OutputWASAPI::mixerThread                : GetCurrentPadding returned 0x88890004.  Device was unplugged!
[ERR] OutputWASAPI::mixerThread                : GetCurrentPadding returned 0x88890004.  Device was unplugged!
[ERR] OutputWASAPI::mixerThread                : GetCurrentPadding returned 0x88890004.  Device was unplugged!
[ERR] OutputWASAPI::mixerThread                : GetCurrentPadding returned 0x88890004.  Device was unplugged!
[ERR] OutputWASAPI::mixerThread                : GetCurrentPadding returned 0x88890004.  Device was unplugged!
[ERR] OutputWASAPI::mixerThread                : GetCurrentPadding returned 0x88890004.  Device was unplugged!
[ERR] OutputWASAPI::mixerThread                : GetCurrentPadding returned 0x88890004.  Device was unplugged!
[ERR] OutputWASAPI::mixerThread                : GetCurrentPadding returned 0x88890004.  Device was unplugged!
[ERR] OutputWASAPI::mixerThread                : GetCurrentPadding returned 0x88890004.  Device was unplugged!
[ERR] OutputWASAPI::mixerThread                : GetCurrentPadding returned 0x88890004.  Device was unplugged!
[ERR] OutputWASAPI::mixerThread                : GetCurrentPadding returned 0x88890004.  Device was unplugged!
[ERR] OutputWASAPI::mixerThread                : GetCurrentPadding returned 0x88890004.  Device was unplugged!
[ERR] OutputWASAPI::mixerThread                : GetCurrentPadding returned 0x88890004.  Device was unplugged!
[ERR] OutputWASAPI::mixerThread                : GetCurrentPadding returned 0x88890004.  Device was unplugged!
[ERR] OutputWASAPI::mixerThread                : GetCurrentPadding returned 0x88890004.  Device was unplugged!
[ERR] OutputWASAPI::mixerThread                : GetCurrentPadding returned 0x88890004.  Device was unplugged!
[ERR] OutputWASAPI::mixerThread                : GetCurrentPadding returned 0x88890004.  Device was unplugged!
[ERR] OutputWASAPI::mixerThread                : GetCurrentPadding returned 0x88890004.  Device was unplugged!
[ERR] OutputWASAPI::mixerThread                : GetCurrentPadding returned 0x88890004.  Device was unplugged!
[ERR] OutputWASAPI::mixerThread                : GetCurrentPadding returned 0x88890004.  Device was unplugged!
[ERR] OutputWASAPI::mixerThread                : GetCurrentPadding returned 0x88890004.  Device was unplugged!
[ERR] OutputWASAPI::mixerThread                : GetCurrentPadding returned 0x88890004.  Device was unplugged!
[ERR] OutputWASAPI::mixerThread                : GetCurrentPadding returned 0x88890004.  Device was unplugged!
[ERR] OutputWASAPI::mixerThread                : GetCurrentPadding returned 0x88890004.  Device was unplugged!
[ERR] OutputWASAPI::mixerThread                : GetCurrentPadding returned 0x88890004.  Device was unplugged!
[ERR] OutputWASAPI::mixerThread                : GetCurrentPadding returned 0x88890004.  Device was unplugged!
[ERR] OutputWASAPI::mixerThread                : GetCurrentPadding returned 0x88890004.  Device was unplugged!
[ERR] OutputWASAPI::mixerThread                : GetCurrentPadding returned 0x88890004.  Device was unplugged!
[ERR] OutputWASAPI::mixerThread                : GetCurrentPadding returned 0x88890004.  Device was unplugged!
[ERR] OutputWASAPI::mixerThread                : GetCurrentPadding returned 0x88890004.  Device was unplugged!
[ERR] OutputWASAPI::mixerThread                : GetCurrentPadding returned 0x88890004.  Device was unplugged!
[ERR] OutputWASAPI::mixerThread                : GetCurrentPadding returned 0x88890004.  Device was unplugged!
[ERR] OutputWASAPI::mixerThread                : GetCurrentPadding returned 0x88890004.  Device was unplugged!
[ERR] OutputWASAPI::mixerThread                : GetCurrentPadding returned 0x88890004.  Device was unplugged!
[ERR] OutputWASAPI::mixerThread                : GetCurrentPadding returned 0x88890004.  Device was unplugged!
[ERR] OutputWASAPI::mixerThread                : GetCurrentPadding returned 0x88890004.  Device was unplugged!
[ERR] OutputWASAPI::mixerThread                : GetCurrentPadding returned 0x88890004.  Device was unplugged!
[ERR] OutputWASAPI::mixerThread                : GetCurrentPadding returned 0x88890004.  Device was unplugged!
[ERR] OutputWASAPI::mixerThread                : GetCurrentPadding returned 0x88890004.  Device was unplugged!
[ERR] OutputWASAPI::mixerThread                : GetCurrentPadding returned 0x88890004.  Device was unplugged!
[ERR] OutputWASAPI::mixerThread                : GetCurrentPadding returned 0x88890004.  Device was unplugged!
[ERR] OutputWASAPI::mixerThread                : GetCurrentPadding returned 0x88890004.  Device was unplugged!
[ERR] OutputWASAPI::mixerThread                : GetCurrentPadding returned 0x88890004.  Device was unplugged!
[ERR] OutputWASAPI::mixerThread                : GetCurrentPadding returned 0x88890004.  Device was unplugged!
[ERR] OutputWASAPI::mixerThread                : GetCurrentPadding returned 0x88890004.  Device was unplugged!
[ERR] OutputWASAPI::mixerThread                : GetCurrentPadding returned 0x88890004.  Device was unplugged!
[ERR] OutputWASAPI::mixerThread                : GetCurrentPadding returned 0x88890004.  Device was unplugged!
[ERR] OutputWASAPI::mixerThread                : GetCurrentPadding returned 0x88890004.  Device was unplugged!
[ERR] OutputWASAPI::mixerThread                : GetCurrentPadding returned 0x88890004.  Device was unplugged!
[ERR] OutputWASAPI::mixerThread                : GetCurrentPadding returned 0x88890004.  Device was unplugged!
[ERR] OutputWASAPI::mixerThread                : GetCurrentPadding returned 0x88890004.  Device was unplugged!
[ERR] OutputWASAPI::mixerThread                : GetCurrentPadding returned 0x88890004.  Device was unplugged!
[ERR] OutputWASAPI::mixerThread                : GetCurrentPadding returned 0x88890004.  Device was unplugged!
[ERR] OutputWASAPI::mixerThread                : GetCurrentPadding returned 0x88890004.  Device was unplugged!
[ERR] OutputWASAPI::mixerThread                : GetCurrentPadding returned 0x88890004.  Device was unplugged!
[ERR] OutputWASAPI::mixerThread                : GetCurrentPadding returned 0x88890004.  Device was unplugged!
[ERR] OutputWASAPI::mixerThread                : GetCurrentPadding returned 0x88890004.  Device was unplugged!
[ERR] OutputWASAPI::mixerThread                : GetCurrentPadding returned 0x88890004.  Device was unplugged!
[ERR] OutputWASAPI::mixerThread                : GetCurrentPadding returned 0x88890004.  Device was unplugged!
[ERR] OutputWASAPI::mixerThread                : GetCurrentPadding returned 0x88890004.  Device was unplugged!
[ERR] OutputWASAPI::mixerThread                : GetCurrentPadding returned 0x88890004.  Device was unplugged!
[ERR] OutputWASAPI::mixerThread                : GetCurrentPadding returned 0x88890004.  Device was unplugged!
[ERR] OutputWASAPI::mixerThread                : GetCurrentPadding returned 0x88890004.  Device was unplugged!
[ERR] OutputWASAPI::mixerThread                : GetCurrentPadding returned 0x88890004.  Device was unplugged!
[ERR] OutputWASAPI::mixerThread                : GetCurrentPadding returned 0x88890004.  Device was unplugged!
[ERR] OutputWASAPI::mixerThread                : GetCurrentPadding returned 0x88890004.  Device was unplugged!
[ERR] OutputWASAPI::mixerThread                : GetCurrentPadding returned 0x88890004.  Device was unplugged!
[ERR] OutputWASAPI::mixerThread                : GetCurrentPadding returned 0x88890004.  Device was unplugged!
[ERR] OutputWASAPI::mixerThread                : GetCurrentPadding returned 0x88890004.  Device was unplugged!
[ERR] OutputWASAPI::mixerThread                : GetCurrentPadding returned 0x88890004.  Device was unplugged!
[ERR] OutputWASAPI::mixerThread                : GetCurrentPadding returned 0x88890004.  Device was unplugged!
[ERR] OutputWASAPI::mixerThread                : GetCurrentPadding returned 0x88890004.  Device was unplugged!
[ERR] OutputWASAPI::mixerThread                : GetCurrentPadding returned 0x88890004.  Device was unplugged!
[ERR] OutputWASAPI::mixerThread                : GetCurrentPadding returned 0x88890004.  Device was unplugged!
[ERR] OutputWASAPI::mixerThread                : GetCurrentPadding returned 0x88890004.  Device was unplugged!
[ERR] OutputWASAPI::mixerThread                : GetCurrentPadding returned 0x88890004.  Device was unplugged!
[ERR] OutputWASAPI::mixerThread                : GetCurrentPadding returned 0x88890004.  Device was unplugged!
[ERR] OutputWASAPI::mixerThread                : GetCurrentPadding returned 0x88890004.  Device was unplugged!
[ERR] OutputWASAPI::mixerThread                : GetCurrentPadding returned 0x88890004.  Device was unplugged!
[ERR] OutputWASAPI::mixerThread                : GetCurrentPadding returned 0x88890004.  Device was unplugged!
[ERR] OutputWASAPI::mixerThread                : GetCurrentPadding returned 0x88890004.  Device was unplugged!
[ERR] OutputWASAPI::mixerThread                : GetCurrentPadding returned 0x88890004.  Device was unplugged!
[ERR] OutputWASAPI::mixerThread                : GetCurrentPadding returned 0x88890004.  Device was unplugged!
[ERR] OutputWASAPI::mixerThread                : GetCurrentPadding returned 0x88890004.  Device was unplugged!
[ERR] OutputWASAPI::mixerThread                : GetCurrentPadding returned 0x88890004.  Device was unplugged!
[ERR] OutputWASAPI::mixerThread                : GetCurrentPadding returned 0x88890004.  Device was unplugged!
[ERR] OutputWASAPI::mixerThread                : GetCurrentPadding returned 0x88890004.  Device was unplugged!
[ERR] OutputWASAPI::mixerThread                : GetCurrentPadding returned 0x88890004.  Device was unplugged!
[ERR] OutputWASAPI::mixerThread                : GetCurrentPadding returned 0x88890004.  Device was unplugged!
[ERR] OutputWASAPI::mixerThread                : GetCurrentPadding returned 0x88890004.  Device was unplugged!
[ERR] OutputWASAPI::mixerThread                : GetCurrentPadding returned 0x88890004.  Device was unplugged!
[ERR] OutputWASAPI::mixerThread                : GetCurrentPadding returned 0x88890004.  Device was unplugged!
[ERR] OutputWASAPI::mixerThread                : GetCurrentPadding returned 0x88890004.  Device was unplugged!
[ERR] OutputWASAPI::mixerThread                : GetCurrentPadding returned 0x88890004.  Device was unplugged!
[ERR] OutputWASAPI::mixerThread                : GetCurrentPadding returned 0x88890004.  Device was unplugged!
[ERR] OutputWASAPI::mixerThread                : GetCurrentPadding returned 0x88890004.  Device was unplugged!
[ERR] OutputWASAPI::mixerThread                : GetCurrentPadding returned 0x88890004.  Device was unplugged!
[ERR] OutputWASAPI::mixerThread                : GetCurrentPadding returned 0x88890004.  Device was unplugged!
[ERR] OutputWASAPI::mixerThread                : GetCurrentPadding returned 0x88890004.  Device was unplugged!
[ERR] OutputWASAPI::mixerThread                : GetCurrentPadding returned 0x88890004.  Device was unplugged!
[ERR] OutputWASAPI::mixerThread                : GetCurrentPadding returned 0x88890004.  Device was unplugged!
[ERR] OutputWASAPI::mixerThread                : GetCurrentPadding returned 0x88890004.  Device was unplugged!
[ERR] OutputWASAPI::mixerThread                : GetCurrentPadding returned 0x88890004.  Device was unplugged!
[ERR] OutputWASAPI::mixerThread                : GetCurrentPadding returned 0x88890004.  Device was unplugged!
[ERR] OutputWASAPI::mixerThread                : GetCurrentPadding returned 0x88890004.  Device was unplugged!
[ERR] OutputWASAPI::mixerThread                : GetCurrentPadding returned 0x88890004.  Device was unplugged!
[ERR] OutputWASAPI::mixerThread                : GetCurrentPadding returned 0x88890004.  Device was unplugged!
[ERR] OutputWASAPI::mixerThread                : GetCurrentPadding returned 0x88890004.  Device was unplugged!
[ERR] OutputWASAPI::mixerThread                : GetCurrentPadding returned 0x88890004.  Device was unplugged!
[ERR] OutputWASAPI::mixerThread                : GetCurrentPadding returned 0x88890004.  Device was unplugged!
[ERR] OutputWASAPI::mixerThread                : GetCurrentPadding returned 0x88890004.  Device was unplugged!
[ERR] OutputWASAPI::mixerThread                : GetCurrentPadding returned 0x88890004.  Device was unplugged!
[ERR] OutputWASAPI::mixerThread                : GetCurrentPadding returned 0x88890004.  Device was unplugged!
[ERR] OutputWASAPI::mixerThread                : GetCurrentPadding returned 0x88890004.  Device was unplugged!
[ERR] OutputWASAPI::mixerThread                : GetCurrentPadding returned 0x88890004.  Device was unplugged!
[ERR] OutputWASAPI::mixerThread                : GetCurrentPadding returned 0x88890004.  Device was unplugged!
[ERR] OutputWASAPI::mixerThread                : GetCurrentPadding returned 0x88890004.  Device was unplugged!
[ERR] OutputWASAPI::mixerThread                : GetCurrentPadding returned 0x88890004.  Device was unplugged!
[ERR] OutputWASAPI::mixerThread                : GetCurrentPadding returned 0x88890004.  Device was unplugged!
[ERR] OutputWASAPI::mixerThread                : GetCurrentPadding returned 0x88890004.  Device was unplugged!
[ERR] OutputWASAPI::mixerThread                : GetCurrentPadding returned 0x88890004.  Device was unplugged!
[ERR] OutputWASAPI::mixerThread                : GetCurrentPadding returned 0x88890004.  Device was unplugged!
[ERR] OutputWASAPI::mixerThread                : GetCurrentPadding returned 0x88890004.  Device was unplugged!
[ERR] OutputWASAPI::mixerThread                : GetCurrentPadding returned 0x88890004.  Device was unplugged!
[ERR] OutputWASAPI::mixerThread                : GetCurrentPadding returned 0x88890004.  Device was unplugged!
[ERR] OutputWASAPI::mixerThread                : GetCurrentPadding returned 0x88890004.  Device was unplugged!
[ERR] OutputWASAPI::mixerThread                : GetCurrentPadding returned 0x88890004.  Device was unplugged!
[ERR] OutputWASAPI::mixerThread                : GetCurrentPadding returned 0x88890004.  Device was unplugged!
[ERR] OutputWASAPI::mixerThread                : GetCurrentPadding returned 0x88890004.  Device was unplugged!
[ERR] OutputWASAPI::mixerThread                : GetCurrentPadding returned 0x88890004.  Device was unplugged!
[ERR] OutputWASAPI::mixerThread                : GetCurrentPadding returned 0x88890004.  Device was unplugged!
[ERR] OutputWASAPI::mixerThread                : GetCurrentPadding returned 0x88890004.  Device was unplugged!
[ERR] OutputWASAPI::mixerThread                : GetCurrentPadding returned 0x88890004.  Device was unplugged!
[ERR] OutputWASAPI::mixerThread                : GetCurrentPadding returned 0x88890004.  Device was unplugged!
[ERR] OutputWASAPI::mixerThread                : GetCurrentPadding returned 0x88890004.  Device was unplugged!
[ERR] OutputWASAPI::mixerThread                : GetCurrentPadding returned 0x88890004.  Device was unplugged!
[ERR] OutputWASAPI::mixerThread                : GetCurrentPadding returned 0x88890004.  Device was unplugged!
[ERR] OutputWASAPI::mixerThread                : GetCurrentPadding returned 0x88890004.  Device was unplugged!
[ERR] OutputWASAPI::mixerThread                : GetCurrentPadding returned 0x88890004.  Device was unplugged!
[ERR] OutputWASAPI::mixerThread                : GetCurrentPadding returned 0x88890004.  Device was unplugged!
[ERR] OutputWASAPI::mixerThread                : GetCurrentPadding returned 0x88890004.  Device was unplugged!
[ERR] OutputWASAPI::mixerThread                : GetCurrentPadding returned 0x88890004.  Device was unplugged!
[ERR] OutputWASAPI::mixerThread                : GetCurrentPadding returned 0x88890004.  Device was unplugged!
[ERR] OutputWASAPI::mixerThread                : GetCurrentPadding returned 0x88890004.  Device was unplugged!
[ERR] OutputWASAPI::mixerThread                : GetCurrentPadding returned 0x88890004.  Device was unplugged!
[ERR] OutputWASAPI::mixerThread                : GetCurrentPadding returned 0x88890004.  Device was unplugged!
[ERR] OutputWASAPI::mixerThread                : GetCurrentPadding returned 0x88890004.  Device was unplugged!
[ERR] OutputWASAPI::mixerThread                : GetCurrentPadding returned 0x88890004.  Device was unplugged!
[ERR] OutputWASAPI::mixerThread                : GetCurrentPadding returned 0x88890004.  Device was unplugged!
[ERR] OutputWASAPI::mixerThread                : GetCurrentPadding returned 0x88890004.  Device was unplugged!
[ERR] OutputWASAPI::mixerThread                : GetCurrentPadding returned 0x88890004.  Device was unplugged!
[ERR] OutputWASAPI::mixerThread                : GetCurrentPadding returned 0x88890004.  Device was unplugged!
[ERR] OutputWASAPI::mixerThread                : GetCurrentPadding returned 0x88890004.  Device was unplugged!
[ERR] OutputWASAPI::mixerThread                : GetCurrentPadding returned 0x88890004.  Device was unplugged!
[ERR] OutputWASAPI::mixerThread                : GetCurrentPadding returned 0x88890004.  Device was unplugged!
[ERR] OutputWASAPI::mixerThread                : GetCurrentPadding returned 0x88890004.  Device was unplugged!
[ERR] OutputWASAPI::mixerThread                : GetCurrentPadding returned 0x88890004.  Device was unplugged!
[ERR] OutputWASAPI::mixerThread                : GetCurrentPadding returned 0x88890004.  Device was unplugged!
[ERR] OutputWASAPI::mixerThread                : GetCurrentPadding returned 0x88890004.  Device was unplugged!
[ERR] OutputWASAPI::mixerThread                : GetCurrentPadding returned 0x88890004.  Device was unplugged!
[ERR] OutputWASAPI::mixerThread                : GetCurrentPadding returned 0x88890004.  Device was unplugged!
[ERR] OutputWASAPI::mixerThread                : GetCurrentPadding returned 0x88890004.  Device was unplugged!
[ERR] OutputWASAPI::mixerThread                : GetCurrentPadding returned 0x88890004.  Device was unplugged!
[ERR] OutputWASAPI::mixerThread                : GetCurrentPadding returned 0x88890004.  Device was unplugged!
[ERR] OutputWASAPI::mixerThread                : GetCurrentPadding returned 0x88890004.  Device was unplugged!
[ERR] OutputWASAPI::mixerThread                : GetCurrentPadding returned 0x88890004.  Device was unplugged!
[ERR] OutputWASAPI::mixerThread                : GetCurrentPadding returned 0x88890004.  Device was unplugged!
[ERR] OutputWASAPI::mixerThread                : GetCurrentPadding returned 0x88890004.  Device was unplugged!
[ERR] OutputWASAPI::mixerThread                : GetCurrentPadding returned 0x88890004.  Device was unplugged!
[ERR] OutputWASAPI::mixerThread                : GetCurrentPadding returned 0x88890004.  Device was unplugged!
[ERR] OutputWASAPI::mixerThread                : GetCurrentPadding returned 0x88890004.  Device was unplugged!
[ERR] OutputWASAPI::mixerThread                : GetCurrentPadding returned 0x88890004.  Device was unplugged!
[ERR] OutputWASAPI::mixerThread                : GetCurrentPadding returned 0x88890004.  Device was unplugged!
[ERR] OutputWASAPI::mixerThread                : GetCurrentPadding returned 0x88890004.  Device was unplugged!
[ERR] OutputWASAPI::mixerThread                : GetCurrentPadding returned 0x88890004.  Device was unplugged!
[ERR] OutputWASAPI::mixerThread                : GetCurrentPadding returned 0x88890004.  Device was unplugged!
[ERR] OutputWASAPI::mixerThread                : GetCurrentPadding returned 0x88890004.  Device was unplugged!
[ERR] OutputWASAPI::mixerThread                : GetCurrentPadding returned 0x88890004.  Device was unplugged!
[ERR] OutputWASAPI::mixerThread                : GetCurrentPadding returned 0x88890004.  Device was unplugged!
[ERR] OutputWASAPI::mixerThread                : GetCurrentPadding returned 0x88890004.  Device was unplugged!
[ERR] OutputWASAPI::mixerThread                : GetCurrentPadding returned 0x88890004.  Device was unplugged!
[ERR] OutputWASAPI::mixerThread                : GetCurrentPadding returned 0x88890004.  Device was unplugged!
[ERR] OutputWASAPI::mixerThread                : GetCurrentPadding returned 0x88890004.  Device was unplugged!
[ERR] OutputWASAPI::mixerThread                : GetCurrentPadding returned 0x88890004.  Device was unplugged!
[ERR] OutputWASAPI::mixerThread                : GetCurrentPadding returned 0x88890004.  Device was unplugged!
[ERR] OutputWASAPI::mixerThread                : GetCurrentPadding returned 0x88890004.  Device was unplugged!
[ERR] OutputWASAPI::mixerThread                : GetCurrentPadding returned 0x88890004.  Device was unplugged!
[ERR] OutputWASAPI::mixerThread                : GetCurrentPadding returned 0x88890004.  Device was unplugged!
[ERR] OutputWASAPI::mixerThread                : GetCurrentPadding returned 0x88890004.  Device was unplugged!
[ERR] OutputWASAPI::mixerThread                : GetCurrentPadding returned 0x88890004.  Device was unplugged!
[ERR] OutputWASAPI::mixerThread                : GetCurrentPadding returned 0x88890004.  Device was unplugged!
[ERR] OutputWASAPI::mixerThread                : GetCurrentPadding returned 0x88890004.  Device was unplugged!
[ERR] OutputWASAPI::mixerThread                : GetCurrentPadding returned 0x88890004.  Device was unplugged!
[ERR] OutputWASAPI::mixerThread                : GetCurrentPadding returned 0x88890004.  Device was unplugged!
[ERR] OutputWASAPI::mixerThread                : GetCurrentPadding returned 0x88890004.  Device was unplugged!
[ERR] OutputWASAPI::mixerThread                : GetCurrentPadding returned 0x88890004.  Device was unplugged!
[ERR] OutputWASAPI::mixerThread                : GetCurrentPadding returned 0x88890004.  Device was unplugged!
[ERR] OutputWASAPI::mixerThread                : GetCurrentPadding returned 0x88890004.  Device was unplugged!
[ERR] OutputWASAPI::mixerThread                : GetCurrentPadding returned 0x88890004.  Device was unplugged!
[ERR] OutputWASAPI::mixerThread                : GetCurrentPadding returned 0x88890004.  Device was unplugged!
[ERR] OutputWASAPI::mixerThread                : GetCurrentPadding returned 0x88890004.  Device was unplugged!
[ERR] OutputWASAPI::mixerThread                : GetCurrentPadding returned 0x88890004.  Device was unplugged!
[ERR] OutputWASAPI::mixerThread                : GetCurrentPadding returned 0x88890004.  Device was unplugged!
[ERR] OutputWASAPI::mixerThread                : GetCurrentPadding returned 0x88890004.  Device was unplugged!
[ERR] OutputWASAPI::mixerThread                : GetCurrentPadding returned 0x88890004.  Device was unplugged!
[ERR] OutputWASAPI::mixerThread                : GetCurrentPadding returned 0x88890004.  Device was unplugged!
[ERR] OutputWASAPI::mixerThread                : GetCurrentPadding returned 0x88890004.  Device was unplugged!
[ERR] OutputWASAPI::mixerThread                : GetCurrentPadding returned 0x88890004.  Device was unplugged!
[ERR] OutputWASAPI::mixerThread                : GetCurrentPadding returned 0x88890004.  Device was unplugged!
[ERR] OutputWASAPI::mixerThread                : GetCurrentPadding returned 0x88890004.  Device was unplugged!
[ERR] OutputWASAPI::mixerThread                : GetCurrentPadding returned 0x88890004.  Device was unplugged!
[ERR] OutputWASAPI::mixerThread                : GetCurrentPadding returned 0x88890004.  Device was unplugged!
[ERR] OutputWASAPI::mixerThread                : GetCurrentPadding returned 0x88890004.  Device was unplugged!
[ERR] OutputWASAPI::mixerThread                : GetCurrentPadding returned 0x88890004.  Device was unplugged!
[ERR] OutputWASAPI::mixerThread                : GetCurrentPadding returned 0x88890004.  Device was unplugged!
[ERR] OutputWASAPI::mixerThread                : GetCurrentPadding returned 0x88890004.  Device was unplugged!
[ERR] OutputWASAPI::mixerThread                : GetCurrentPadding returned 0x88890004.  Device was unplugged!
[ERR] OutputWASAPI::mixerThread                : GetCurrentPadding returned 0x88890004.  Device was unplugged!
[ERR] OutputWASAPI::mixerThread                : GetCurrentPadding returned 0x88890004.  Device was unplugged!
[ERR] OutputWASAPI::mixerThread                : GetCurrentPadding returned 0x88890004.  Device was unplugged!
[ERR] OutputWASAPI::mixerThread                : GetCurrentPadding returned 0x88890004.  Device was unplugged!
[ERR] OutputWASAPI::mixerThread                : GetCurrentPadding returned 0x88890004.  Device was unplugged!
[ERR] OutputWASAPI::mixerThread                : GetCurrentPadding returned 0x88890004.  Device was unplugged!
[ERR] OutputWASAPI::mixerThread                : GetCurrentPadding returned 0x88890004.  Device was unplugged!
[ERR] OutputWASAPI::mixerThread                : GetCurrentPadding returned 0x88890004.  Device was unplugged!
[ERR] OutputWASAPI::mixerThread                : GetCurrentPadding returned 0x88890004.  Device was unplugged!
[ERR] OutputWASAPI::mixerThread                : GetCurrentPadding returned 0x88890004.  Device was unplugged!
[ERR] OutputWASAPI::mixerThread                : GetCurrentPadding returned 0x88890004.  Device was unplugged!
[LOG] Thread::callback                         : FMOD mixer thread finished.
[LOG] OutputWASAPI::init                       : Mix Format (WAVEFORMATEX): wFormatTag=0xFFFE, nChannels=2, nSamplesPerSec=48000, nAvgBytesPerSec=384000, nBlockAlign=8, wBitsPerSample=32, cbSize=22.
[LOG] OutputWASAPI::init                       : Mix Format (WAVEFORMATEXTENSIBLE): wValidBitsPerSample=32, dwChannelMask=0x00000003, SubFormat=00000003-0000-0010-8000-00AA00389B71.
[LOG] OutputWASAPI::init                       : Output buffer size: 4096 samples, latency: 0.00ms, period: 10.00ms, DSP buffer: 1024 * 4
[LOG] Thread::initThread                       : Init FMOD mixer thread. Priority: 3, Stack Size: 81920, Semaphore: No, Sleep Time: 0, Looping: Yes.
[LOG] SoundI::release                          : BGM-Transicion-2.wav (000000004983F4C8)
[LOG] SoundI::release                          : BGM-Loop-1.wav (000000004983EE48)
[LOG] SoundI::release                          : BGM-Loop-2.wav (000000004983C408)
[LOG] SoundI::release                          : BGM-Intro.wav (000000004983CC28)
[LOG] SoundI::release                          : Death-Stinger.wav (000000004983F9A8)
[LOG] Thread::callback                         : FMOD Studio update thread finished.
[LOG] Thread::callback                         : FMOD Studio bank load thread finished.
[LOG] ProfileClient::markForDead               : Closing client connection
[LOG] Profile::disconnectAll                   : Profiler disconnecting all clients
[LOG] FMOD_OS_Net_Read                         : Interrupted.[LOG] Thread::callback                         : FMOD profiler thread (send) finished.
[LOG] ProfileClient::recvThreadLoopFunction    : Socket disconnected
[LOG] Thread::callback                         : FMOD profiler thread (recv) finished.
[LOG] Thread::callback                         : FMOD Studio sample load thread finished.
[LOG] LiveUpdate::release                      : 
[LOG] LiveUpdate::reset                        : Reset connection (reason Disconnected)
[LOG] Thread::callback                         : FMOD stream thread finished.
[LOG] Thread::callback                         : FMOD mixer thread finished.
[LOG] Profile::disconnectAll                   : Profiler disconnecting all clients
[LOG] SystemI::close                           : Closed.
